../Core/Src/lps22hh_reg.c:48:16:lps22hh_read_reg	40	static
../Core/Src/lps22hh_reg.c:74:16:lps22hh_write_reg	40	static
../Core/Src/lps22hh_reg.c:101:9:lps22hh_from_lsb_to_hpa	16	static
../Core/Src/lps22hh_reg.c:106:9:lps22hh_from_lsb_to_celsius	16	static
../Core/Src/lps22hh_reg.c:132:9:lps22hh_autozero_rst_set	24	static
../Core/Src/lps22hh_reg.c:156:9:lps22hh_autozero_rst_get	24	static
../Core/Src/lps22hh_reg.c:178:9:lps22hh_autozero_set	24	static
../Core/Src/lps22hh_reg.c:202:9:lps22hh_autozero_get	24	static
../Core/Src/lps22hh_reg.c:224:9:lps22hh_pressure_snap_rst_set	24	static
../Core/Src/lps22hh_reg.c:248:9:lps22hh_pressure_snap_rst_get	24	static
../Core/Src/lps22hh_reg.c:270:9:lps22hh_pressure_snap_set	24	static
../Core/Src/lps22hh_reg.c:294:9:lps22hh_pressure_snap_get	24	static
../Core/Src/lps22hh_reg.c:316:9:lps22hh_block_data_update_set	24	static
../Core/Src/lps22hh_reg.c:340:9:lps22hh_block_data_update_get	24	static
../Core/Src/lps22hh_reg.c:362:9:lps22hh_data_rate_set	32	static
../Core/Src/lps22hh_reg.c:395:9:lps22hh_data_rate_get	32	static
../Core/Src/lps22hh_reg.c:484:9:lps22hh_pressure_ref_set	24	static
../Core/Src/lps22hh_reg.c:507:9:lps22hh_pressure_ref_get	24	static
../Core/Src/lps22hh_reg.c:532:9:lps22hh_pressure_offset_set	24	static
../Core/Src/lps22hh_reg.c:555:9:lps22hh_pressure_offset_get	24	static
../Core/Src/lps22hh_reg.c:578:9:lps22hh_all_sources_get	24	static
../Core/Src/lps22hh_reg.c:611:9:lps22hh_status_reg_get	24	static
../Core/Src/lps22hh_reg.c:629:9:lps22hh_press_flag_data_ready_get	24	static
../Core/Src/lps22hh_reg.c:652:9:lps22hh_temp_flag_data_ready_get	24	static
../Core/Src/lps22hh_reg.c:687:9:lps22hh_pressure_raw_get	24	static
../Core/Src/lps22hh_reg.c:712:9:lps22hh_temperature_raw_get	24	static
../Core/Src/lps22hh_reg.c:735:9:lps22hh_fifo_pressure_raw_get	24	static
../Core/Src/lps22hh_reg.c:761:9:lps22hh_fifo_temperature_raw_get	24	static
../Core/Src/lps22hh_reg.c:797:9:lps22hh_device_id_get	24	static
../Core/Src/lps22hh_reg.c:815:9:lps22hh_reset_set	24	static
../Core/Src/lps22hh_reg.c:840:9:lps22hh_reset_get	24	static
../Core/Src/lps22hh_reg.c:864:9:lps22hh_auto_increment_set	24	static
../Core/Src/lps22hh_reg.c:890:9:lps22hh_auto_increment_get	24	static
../Core/Src/lps22hh_reg.c:913:9:lps22hh_boot_set	24	static
../Core/Src/lps22hh_reg.c:938:9:lps22hh_boot_get	24	static
../Core/Src/lps22hh_reg.c:973:9:lps22hh_lp_bandwidth_set	24	static
../Core/Src/lps22hh_reg.c:998:9:lps22hh_lp_bandwidth_get	24	static
../Core/Src/lps22hh_reg.c:1051:9:lps22hh_i2c_interface_set	24	static
../Core/Src/lps22hh_reg.c:1076:9:lps22hh_i2c_interface_get	24	static
../Core/Src/lps22hh_reg.c:1112:9:lps22hh_i3c_interface_set	24	static
../Core/Src/lps22hh_reg.c:1138:9:lps22hh_i3c_interface_get	24	static
../Core/Src/lps22hh_reg.c:1178:9:lps22hh_sdo_sa0_mode_set	24	static
../Core/Src/lps22hh_reg.c:1203:9:lps22hh_sdo_sa0_mode_get	24	static
../Core/Src/lps22hh_reg.c:1239:9:lps22hh_sda_mode_set	24	static
../Core/Src/lps22hh_reg.c:1263:9:lps22hh_sda_mode_get	24	static
../Core/Src/lps22hh_reg.c:1298:9:lps22hh_spi_mode_set	24	static
../Core/Src/lps22hh_reg.c:1322:9:lps22hh_spi_mode_get	24	static
../Core/Src/lps22hh_reg.c:1370:9:lps22hh_int_notification_set	24	static
../Core/Src/lps22hh_reg.c:1395:9:lps22hh_int_notification_get	24	static
../Core/Src/lps22hh_reg.c:1431:9:lps22hh_pin_mode_set	24	static
../Core/Src/lps22hh_reg.c:1455:9:lps22hh_pin_mode_get	24	static
../Core/Src/lps22hh_reg.c:1490:9:lps22hh_pin_polarity_set	24	static
../Core/Src/lps22hh_reg.c:1515:9:lps22hh_pin_polarity_get	24	static
../Core/Src/lps22hh_reg.c:1551:9:lps22hh_pin_int_route_set	24	static
../Core/Src/lps22hh_reg.c:1578:9:lps22hh_pin_int_route_get	24	static
../Core/Src/lps22hh_reg.c:1617:9:lps22hh_int_on_threshold_set	24	static
../Core/Src/lps22hh_reg.c:1653:9:lps22hh_int_on_threshold_get	24	static
../Core/Src/lps22hh_reg.c:1697:9:lps22hh_int_threshold_set	32	static
../Core/Src/lps22hh_reg.c:1725:9:lps22hh_int_threshold_get	32	static
../Core/Src/lps22hh_reg.c:1765:9:lps22hh_fifo_mode_set	24	static
../Core/Src/lps22hh_reg.c:1789:9:lps22hh_fifo_mode_get	24	static
../Core/Src/lps22hh_reg.c:1846:9:lps22hh_fifo_stop_on_wtm_set	24	static
../Core/Src/lps22hh_reg.c:1871:9:lps22hh_fifo_stop_on_wtm_get	24	static
../Core/Src/lps22hh_reg.c:1893:9:lps22hh_fifo_watermark_set	24	static
../Core/Src/lps22hh_reg.c:1917:9:lps22hh_fifo_watermark_get	24	static
../Core/Src/lps22hh_reg.c:1939:9:lps22hh_fifo_data_level_get	24	static
../Core/Src/lps22hh_reg.c:1960:9:lps22hh_fifo_src_get	24	static
../Core/Src/lps22hh_reg.c:1983:9:lps22hh_fifo_full_flag_get	24	static
../Core/Src/lps22hh_reg.c:2005:9:lps22hh_fifo_ovr_flag_get	24	static
../Core/Src/lps22hh_reg.c:2027:9:lps22hh_fifo_wtm_flag_get	24	static
