../../Drivers/STM32N6xx_HAL_Driver/Inc/stm32n6xx_ll_bus.h:1407:22:LL_AHB4_GRP1_EnableClock	24	static
../Core/Src/main.c:131:12:ai_init	96	static
../Core/Src/main.c:159:13:ai_run	280	static
../Core/Src/main.c:251:5:main	120	static
../Core/Src/main.c:350:6:SystemClock_Config	224	static
../Core/Src/main.c:425:6:PeriphCommonClock_Config	408	static
../Core/Src/main.c:437:13:MX_CACHEAXI_Init	8	static
../Core/Src/main.c:447:13:MX_ICACHE_Init	8	static
../Core/Src/main.c:458:13:MX_GPIO_Init	32	static
../Core/Src/main.c:484:13:MX_TIM6_Init	24	static
../Core/Src/main.c:503:13:MX_UART4_Init	8	static
../Core/Src/main.c:525:13:MX_I2C1_Init	8	static
../Core/Src/main.c:544:13:MX_I2C2_Init	8	static
../Core/Src/main.c:566:6:Error_Handler	8	static,ignoring_inline_asm
