../../Drivers/STM32N6xx_HAL_Driver/Inc/stm32n6xx_ll_bus.h:1407:22:LL_AHB4_GRP1_EnableClock	24	static
../../Drivers/STM32N6xx_HAL_Driver/Inc/stm32n6xx_ll_bus.h:1755:22:LL_AHB5_GRP1_EnableClock	24	static
../../Drivers/STM32N6xx_HAL_Driver/Inc/stm32n6xx_ll_bus.h:1891:22:LL_AHB5_GRP1_DisableClock	16	static
../../Drivers/STM32N6xx_HAL_Driver/Inc/stm32n6xx_ll_bus.h:2273:22:LL_APB1_GRP1_EnableClock	24	static
../../Drivers/STM32N6xx_HAL_Driver/Inc/stm32n6xx_ll_bus.h:2403:22:LL_APB1_GRP1_DisableClock	16	static
../Core/Src/stm32n6xx_hal_msp.c:63:6:HAL_MspInit	8	static
../Core/Src/stm32n6xx_hal_msp.c:89:6:HAL_CACHEAXI_MspInit	16	static
../Core/Src/stm32n6xx_hal_msp.c:112:6:HAL_CACHEAXI_MspDeInit	16	static
../Core/Src/stm32n6xx_hal_msp.c:134:6:HAL_I2C_MspInit	440	static
../Core/Src/stm32n6xx_hal_msp.c:221:6:HAL_I2C_MspDeInit	16	static
../Core/Src/stm32n6xx_hal_msp.c:272:6:HAL_TIM_Base_MspInit	16	static
../Core/Src/stm32n6xx_hal_msp.c:295:6:HAL_TIM_Base_MspDeInit	16	static
../Core/Src/stm32n6xx_hal_msp.c:317:6:HAL_UART_MspInit	440	static
../Core/Src/stm32n6xx_hal_msp.c:365:6:HAL_UART_MspDeInit	16	static
