../../Drivers/STM32N6xx_HAL_Driver/Inc/stm32n6xx_ll_bus.h:1407:22:LL_AHB4_GRP1_EnableClock	24	static
../../Drivers/STM32N6xx_HAL_Driver/Inc/stm32n6xx_ll_bus.h:2909:22:LL_APB2_GRP1_EnableClock	24	static
../../Drivers/STM32N6xx_HAL_Driver/Inc/stm32n6xx_ll_bus.h:2997:22:LL_APB2_GRP1_DisableClock	16	static
C:/Users/formation/STM32CubeIDE/workspace_2.1.1/STM32-N6_CUBEAI_METEO/Drivers/BSP/STM32N6xx_Nucleo/stm32n6xx_nucleo.c:138:9:BSP_GetVersion	4	static
C:/Users/formation/STM32CubeIDE/workspace_2.1.1/STM32-N6_CUBEAI_METEO/Drivers/BSP/STM32N6xx_Nucleo/stm32n6xx_nucleo.c:147:16:BSP_GetBoardName	4	static
C:/Users/formation/STM32CubeIDE/workspace_2.1.1/STM32-N6_CUBEAI_METEO/Drivers/BSP/STM32N6xx_Nucleo/stm32n6xx_nucleo.c:156:16:BSP_GetBoardID	4	static
C:/Users/formation/STM32CubeIDE/workspace_2.1.1/STM32-N6_CUBEAI_METEO/Drivers/BSP/STM32N6xx_Nucleo/stm32n6xx_nucleo.c:169:6:BSP_SMPS_Init	40	static
C:/Users/formation/STM32CubeIDE/workspace_2.1.1/STM32-N6_CUBEAI_METEO/Drivers/BSP/STM32N6xx_Nucleo/stm32n6xx_nucleo.c:195:9:BSP_LED_Init	40	static
C:/Users/formation/STM32CubeIDE/workspace_2.1.1/STM32-N6_CUBEAI_METEO/Drivers/BSP/STM32N6xx_Nucleo/stm32n6xx_nucleo.c:236:9:BSP_LED_DeInit	40	static
C:/Users/formation/STM32CubeIDE/workspace_2.1.1/STM32-N6_CUBEAI_METEO/Drivers/BSP/STM32N6xx_Nucleo/stm32n6xx_nucleo.c:259:9:BSP_LED_On	16	static
C:/Users/formation/STM32CubeIDE/workspace_2.1.1/STM32-N6_CUBEAI_METEO/Drivers/BSP/STM32N6xx_Nucleo/stm32n6xx_nucleo.c:275:9:BSP_LED_Off	16	static
C:/Users/formation/STM32CubeIDE/workspace_2.1.1/STM32-N6_CUBEAI_METEO/Drivers/BSP/STM32N6xx_Nucleo/stm32n6xx_nucleo.c:291:9:BSP_LED_Toggle	16	static
C:/Users/formation/STM32CubeIDE/workspace_2.1.1/STM32-N6_CUBEAI_METEO/Drivers/BSP/STM32N6xx_Nucleo/stm32n6xx_nucleo.c:306:9:BSP_LED_GetState	24	static
C:/Users/formation/STM32CubeIDE/workspace_2.1.1/STM32-N6_CUBEAI_METEO/Drivers/BSP/STM32N6xx_Nucleo/stm32n6xx_nucleo.c:334:9:BSP_PB_Init	56	static
C:/Users/formation/STM32CubeIDE/workspace_2.1.1/STM32-N6_CUBEAI_METEO/Drivers/BSP/STM32N6xx_Nucleo/stm32n6xx_nucleo.c:391:9:BSP_PB_DeInit	40	static
C:/Users/formation/STM32CubeIDE/workspace_2.1.1/STM32-N6_CUBEAI_METEO/Drivers/BSP/STM32N6xx_Nucleo/stm32n6xx_nucleo.c:408:9:BSP_PB_GetState	16	static
C:/Users/formation/STM32CubeIDE/workspace_2.1.1/STM32-N6_CUBEAI_METEO/Drivers/BSP/STM32N6xx_Nucleo/stm32n6xx_nucleo.c:418:13:BSP_PB_Callback	16	static
C:/Users/formation/STM32CubeIDE/workspace_2.1.1/STM32-N6_CUBEAI_METEO/Drivers/BSP/STM32N6xx_Nucleo/stm32n6xx_nucleo.c:434:6:BSP_PB_IRQHandler	16	static
C:/Users/formation/STM32CubeIDE/workspace_2.1.1/STM32-N6_CUBEAI_METEO/Drivers/BSP/STM32N6xx_Nucleo/stm32n6xx_nucleo.c:456:9:BSP_COM_Init	24	static
C:/Users/formation/STM32CubeIDE/workspace_2.1.1/STM32-N6_CUBEAI_METEO/Drivers/BSP/STM32N6xx_Nucleo/stm32n6xx_nucleo.c:510:9:BSP_COM_DeInit	24	static
C:/Users/formation/STM32CubeIDE/workspace_2.1.1/STM32-N6_CUBEAI_METEO/Drivers/BSP/STM32N6xx_Nucleo/stm32n6xx_nucleo.c:537:9:BSP_COM_SelectLogPort	16	static
C:/Users/formation/STM32CubeIDE/workspace_2.1.1/STM32-N6_CUBEAI_METEO/Drivers/BSP/STM32N6xx_Nucleo/stm32n6xx_nucleo.c:564:1:__io_putchar	16	static
C:/Users/formation/STM32CubeIDE/workspace_2.1.1/STM32-N6_CUBEAI_METEO/Drivers/BSP/STM32N6xx_Nucleo/stm32n6xx_nucleo.c:654:13:BUTTON_USER_EXTI_Callback	8	static
C:/Users/formation/STM32CubeIDE/workspace_2.1.1/STM32-N6_CUBEAI_METEO/Drivers/BSP/STM32N6xx_Nucleo/stm32n6xx_nucleo.c:668:26:MX_USART1_Init	16	static
C:/Users/formation/STM32CubeIDE/workspace_2.1.1/STM32-N6_CUBEAI_METEO/Drivers/BSP/STM32N6xx_Nucleo/stm32n6xx_nucleo.c:688:13:UART_MspInit	72	static
C:/Users/formation/STM32CubeIDE/workspace_2.1.1/STM32-N6_CUBEAI_METEO/Drivers/BSP/STM32N6xx_Nucleo/stm32n6xx_nucleo.c:732:13:UART_MspDeInit	48	static
